// Jest Snapshot v1, https://goo.gl/fbAQLP

exports[`Test Header Snapshot Headr 1`] = `
Object {
  "asFragment": [Function],
  "baseElement": <body>
    <div>
      <header
        class="header"
      >
        <div
          class="header__nav"
        >
          <div
            class="header__nav--item"
          >
            <img
              alt="photo"
              src="https://static.tildacdn.com/tild3937-3261-4630-b235-343635633134/logo_white_mini.png"
            />
            <div
              class="header__nav--item--icon"
            >
              <div>
                <a
                  activeclassname="active"
                  aria-current="page"
                  class="icon-page active"
                  href="/"
                >
                  <p>
                    Main Page
                  </p>
                </a>
              </div>
              <div
                class="header__nav--item--icon--basket"
              >
                <a
                  activeclassname="active"
                  class="icon-page"
                  href="/basket"
                >
                  <span
                    class="count-basket"
                  />
                  <svg>
                    basketIcon.svg
                  </svg>
                </a>
              </div>
              <div
                class="header__nav--item--icon--favorites"
              >
                <a
                  activeclassname="active"
                  class="icon-page"
                  href="/favorites"
                >
                  <span
                    class="count-favorites"
                  />
                  <svg>
                    favoriteIcon.svg
                  </svg>
                </a>
              </div>
            </div>
          </div>
        </div>
        <h1
          class="header__name"
        >
          COFFEE 
          <br />
           TIME
        </h1>
      </header>
    </div>
  </body>,
  "container": <div>
    <header
      class="header"
    >
      <div
        class="header__nav"
      >
        <div
          class="header__nav--item"
        >
          <img
            alt="photo"
            src="https://static.tildacdn.com/tild3937-3261-4630-b235-343635633134/logo_white_mini.png"
          />
          <div
            class="header__nav--item--icon"
          >
            <div>
              <a
                activeclassname="active"
                aria-current="page"
                class="icon-page active"
                href="/"
              >
                <p>
                  Main Page
                </p>
              </a>
            </div>
            <div
              class="header__nav--item--icon--basket"
            >
              <a
                activeclassname="active"
                class="icon-page"
                href="/basket"
              >
                <span
                  class="count-basket"
                />
                <svg>
                  basketIcon.svg
                </svg>
              </a>
            </div>
            <div
              class="header__nav--item--icon--favorites"
            >
              <a
                activeclassname="active"
                class="icon-page"
                href="/favorites"
              >
                <span
                  class="count-favorites"
                />
                <svg>
                  favoriteIcon.svg
                </svg>
              </a>
            </div>
          </div>
        </div>
      </div>
      <h1
        class="header__name"
      >
        COFFEE 
        <br />
         TIME
      </h1>
    </header>
  </div>,
  "debug": [Function],
  "findAllByAltText": [Function],
  "findAllByDisplayValue": [Function],
  "findAllByLabelText": [Function],
  "findAllByPlaceholderText": [Function],
  "findAllByRole": [Function],
  "findAllByTestId": [Function],
  "findAllByText": [Function],
  "findAllByTitle": [Function],
  "findByAltText": [Function],
  "findByDisplayValue": [Function],
  "findByLabelText": [Function],
  "findByPlaceholderText": [Function],
  "findByRole": [Function],
  "findByTestId": [Function],
  "findByText": [Function],
  "findByTitle": [Function],
  "getAllByAltText": [Function],
  "getAllByDisplayValue": [Function],
  "getAllByLabelText": [Function],
  "getAllByPlaceholderText": [Function],
  "getAllByRole": [Function],
  "getAllByTestId": [Function],
  "getAllByText": [Function],
  "getAllByTitle": [Function],
  "getByAltText": [Function],
  "getByDisplayValue": [Function],
  "getByLabelText": [Function],
  "getByPlaceholderText": [Function],
  "getByRole": [Function],
  "getByTestId": [Function],
  "getByText": [Function],
  "getByTitle": [Function],
  "queryAllByAltText": [Function],
  "queryAllByDisplayValue": [Function],
  "queryAllByLabelText": [Function],
  "queryAllByPlaceholderText": [Function],
  "queryAllByRole": [Function],
  "queryAllByTestId": [Function],
  "queryAllByText": [Function],
  "queryAllByTitle": [Function],
  "queryByAltText": [Function],
  "queryByDisplayValue": [Function],
  "queryByLabelText": [Function],
  "queryByPlaceholderText": [Function],
  "queryByRole": [Function],
  "queryByTestId": [Function],
  "queryByText": [Function],
  "queryByTitle": [Function],
  "rerender": [Function],
  "unmount": [Function],
}
`;
